05:37:08 **** Auto Build of configuration Debug for project filter_test ****
make pre-build main-build 
a9-linaro-pre-build-step
' '
'Building file: ../src/filter_test.c'
'Invoking: ARM v7 gcc compiler'
arm-none-eabi-gcc -Wall -O0 -g3 -c -fmessage-length=0 -MT"src/filter_test.o" -mcpu=cortex-a9 -mfpu=vfpv3 -mfloat-abi=hard -I../../filter_test_bsp/ps7_cortexa9_0/include -MMD -MP -MF"src/filter_test.d" -MT"src/filter_test.o" -o "src/filter_test.o" "../src/filter_test.c"
In file included from ../src/filter_test.c:51:0:
../../filter_test_bsp/ps7_cortexa9_0/include/xbasic_types.h:111:2: warning: #warning The xbasics_type.h file is deprecated and users should use xil_types.h and xil_assert. [-Wcpp]
 #warning  The xbasics_type.h file is deprecated and users should use xil_types.h and xil_assert.
  ^~~~~~~
../../filter_test_bsp/ps7_cortexa9_0/include/xbasic_types.h:112:2: warning: #warning Please refer the Standalone BSP UG647 for further details [-Wcpp]
 #warning  Please refer the Standalone BSP UG647 for further details
  ^~~~~~~
In file included from ../src/filter_test.c:54:0:
../../filter_test_bsp/ps7_cortexa9_0/include/xtime_l.h:87:9: note: #pragma message: For the sleep routines, Global timer is being used
 #pragma message ("For the sleep routines, Global timer is being used")
         ^~~~~~~
'Finished building: ../src/filter_test.c'
' '
'Building file: ../src/platform.c'
'Invoking: ARM v7 gcc compiler'
arm-none-eabi-gcc -Wall -O0 -g3 -c -fmessage-length=0 -MT"src/platform.o" -mcpu=cortex-a9 -mfpu=vfpv3 -mfloat-abi=hard -I../../filter_test_bsp/ps7_cortexa9_0/include -MMD -MP -MF"src/platform.d" -MT"src/platform.o" -o "src/platform.o" "../src/platform.c"
'Finished building: ../src/platform.c'
' '
'Building target: filter_test.elf'
'Invoking: ARM v7 gcc linker'
arm-none-eabi-gcc -mcpu=cortex-a9 -mfpu=vfpv3 -mfloat-abi=hard -Wl,-build-id=none -specs=Xilinx.spec -Wl,-T -Wl,../src/lscript.ld -L../../filter_test_bsp/ps7_cortexa9_0/lib -o "filter_test.elf"  ./src/filter_test.o ./src/platform.o   -Wl,--start-group,-lxil,-lgcc,-lc,--end-group
'Finished building target: filter_test.elf'
' '
'Invoking: ARM v7 Print Size'
arm-none-eabi-size filter_test.elf  |tee "filter_test.elf.size"
   text	   data	    bss	    dec	    hex	filename
  71136	   2580	  23328	  97044	  17b14	filter_test.elf
'Finished building: filter_test.elf.size'
' '

05:37:12 Build Finished (took 3s.978ms)

